{"time":"2026-06-07T12:04:49.4069965+02:00","level":"INFO","msg":"HTTP Request","method":"GET","path":"/api/v1/documents","status":200,"ip":"::1","duration":131352700}
{"time":"2026-06-07T12:13:55.0289048+02:00","level":"INFO","msg":"HTTP Request","method":"POST","path":"/api/v1/documents","status":201,"ip":"::1","duration":488189800}
{"time":"2026-06-07T12:35:43.1779108+02:00","level":"INFO","msg":"HTTP Request","method":"GET","path":"/api/v1/documents","status":200,"ip":"::1","duration":114161200}
{"time":"2026-06-07T12:40:44.919111+02:00","level":"INFO","msg":"HTTP Request","method":"GET","path":"/api/v1/documents","status":200,"ip":"::1","duration":3269500}
{"time":"2026-06-07T12:40:51.8348598+02:00","level":"INFO","msg":"HTTP Request","method":"POST","path":"/api/v1/documents","status":201,"ip":"::1","duration":58879500}
{"time":"2026-06-07T12:40:58.5281797+02:00","level":"INFO","msg":"HTTP Request","method":"GET","path":"/api/v1/documents","status":200,"ip":"::1","duration":3765800}
{"time":"2026-06-07T12:52:03.7991891+02:00","level":"INFO","msg":"HTTP Request","method":"POST","path":"/api/v1/documents","status":201,"ip":"::1","duration":132605700}
{"time":"2026-06-07T12:56:17.8575264+02:00","level":"INFO","msg":"HTTP Request","method":"GET","path":"/api/v1/documents","status":200,"ip":"::1","duration":41053600}
{"time":"2026-06-07T12:56:22.6239534+02:00","level":"INFO","msg":"HTTP Request","method":"GET","path":"/api/v1/documents/CERT-2026-0001","status":200,"ip":"::1","duration":11394700}
{"time":"2026-06-07T12:57:11.7051698+02:00","level":"INFO","msg":"HTTP Request","method":"GET","path":"/api/v1/documents/hash/2b335316c4b3fdf05d19c221fd6e98dc53fc359890480a71da50f39b94e0d076","status":200,"ip":"::1","duration":165800400}
{"time":"2026-06-07T13:09:51.1741023+02:00","level":"INFO","msg":"HTTP Request","method":"GET","path":"/api/v1/documents","status":200,"ip":"::1","duration":113491900}
{"time":"2026-06-07T13:10:00.6942107+02:00","level":"INFO","msg":"HTTP Request","method":"GET","path":"/api/v1/documents/CERT-2026-0001","status":200,"ip":"::1","duration":37329500}
{"time":"2026-06-07T13:10:32.2670765+02:00","level":"INFO","msg":"HTTP Request","method":"GET","path":"/api/v1/documents/hash/2b335316c4b3fdf05d19c221fd6e98dc53fc359890480a71da50f39b94e0d076","status":200,"ip":"::1","duration":36210700}
{"time":"2026-06-07T13:19:20.7888157+02:00","level":"INFO","msg":"HTTP Request","method":"PUT","path":"/api/v1/documents/CERT-2026-0001","status":200,"ip":"::1","duration":146808000}
{"time":"2026-06-07T13:28:54.5089946+02:00","level":"INFO","msg":"HTTP Request","method":"GET","path":"/api/v1/documents","status":200,"ip":"::1","duration":232248200}
{"time":"2026-06-07T13:32:34.125765+02:00","level":"INFO","msg":"HTTP Request","method":"GET","path":"/api/v1/documents","status":200,"ip":"::1","duration":56374600}
{"time":"2026-06-07T13:32:42.405987+02:00","level":"INFO","msg":"HTTP Request","method":"GET","path":"/api/v1/documents","status":200,"ip":"::1","duration":1125100}
{"time":"2026-06-07T13:32:45.7860768+02:00","level":"INFO","msg":"HTTP Request","method":"GET","path":"/api/v1/documents/CERT-2026-0001","status":200,"ip":"::1","duration":12957300}
{"time":"2026-06-07T13:32:49.0256751+02:00","level":"INFO","msg":"HTTP Request","method":"GET","path":"/api/v1/documents/hash/2b335316c4b3fdf05d19c221fd6e98dc53fc359890480a71da50f39b94e0d076","status":200,"ip":"::1","duration":4394000}
{"time":"2026-06-07T13:32:52.5641703+02:00","level":"INFO","msg":"HTTP Request","method":"PUT","path":"/api/v1/documents/CERT-2026-0001","status":200,"ip":"::1","duration":63260500}
{"time":"2026-06-07T13:38:22.6892809+02:00","level":"INFO","msg":"HTTP Request","method":"GET","path":"/api/v1/documents","status":200,"ip":"::1","duration":431029400}
{"time":"2026-06-07T13:38:45.2883913+02:00","level":"INFO","msg":"HTTP Request","method":"GET","path":"/api/v1/documents","status":200,"ip":"::1","duration":8868700}
{"time":"2026-06-07T13:39:58.9955705+02:00","level":"INFO","msg":"HTTP Request","method":"PUT","path":"/api/v1/documents/CERT-2026-0001","status":200,"ip":"::1","duration":109863400}
{"time":"2026-06-07T13:52:03.7835907+02:00","level":"INFO","msg":"HTTP Request","method":"GET","path":"/api/v1/documents","status":200,"ip":"::1","duration":342858300}
{"time":"2026-06-07T13:54:22.3036925+02:00","level":"INFO","msg":"HTTP Request","method":"GET","path":"/api/v1/documents","status":200,"ip":"::1","duration":5254900}
{"time":"2026-06-07T13:56:52.702239+02:00","level":"INFO","msg":"HTTP Request","method":"PUT","path":"/api/v1/documents/CERT-2026-0001","status":200,"ip":"::1","duration":230741200}
{"time":"2026-06-07T14:12:57.7252653+02:00","level":"INFO","msg":"HTTP Request","method":"POST","path":"/api/v1/documents","status":201,"ip":"::1","duration":56947700}
{"time":"2026-06-07T14:13:22.1176867+02:00","level":"INFO","msg":"HTTP Request","method":"GET","path":"/api/v1/documents","status":200,"ip":"::1","duration":26957100}
{"time":"2026-06-07T14:13:38.9252314+02:00","level":"INFO","msg":"HTTP Request","method":"GET","path":"/api/v1/documents/CERT-2026-0001","status":200,"ip":"::1","duration":29831800}
{"time":"2026-06-07T14:14:46.281229+02:00","level":"INFO","msg":"HTTP Request","method":"GET","path":"/api/v1/documents/hash/2b335316c4b3fdf05d19c221fd6e98dc53fc359890480a71da50f39b94e0d076","status":200,"ip":"::1","duration":25115500}
{"time":"2026-06-07T14:16:55.6840553+02:00","level":"INFO","msg":"HTTP Request","method":"PUT","path":"/api/v1/documents/CERT-2026-0001","status":200,"ip":"::1","duration":351546900}
{"time":"2026-06-07T15:04:59.246758+02:00","level":"INFO","msg":"HTTP Request","method":"GET","path":"/api/v1/documents","status":200,"ip":"::1","duration":136112300}
{"time":"2026-06-07T15:05:03.4058761+02:00","level":"INFO","msg":"HTTP Request","method":"GET","path":"/api/v1/documents","status":200,"ip":"::1","duration":2859100}
{"time":"2026-06-07T15:05:11.9814204+02:00","level":"INFO","msg":"HTTP Request","method":"GET","path":"/api/v1/documents/CERT-2026-0001","status":200,"ip":"::1","duration":45047700}
{"time":"2026-06-07T15:05:16.1176677+02:00","level":"INFO","msg":"HTTP Request","method":"GET","path":"/api/v1/documents/hash/2b335316c4b3fdf05d19c221fd6e98dc53fc359890480a71da50f39b94e0d076","status":200,"ip":"::1","duration":4301900}
{"time":"2026-06-07T15:05:36.2640125+02:00","level":"INFO","msg":"HTTP Request","method":"PUT","path":"/api/v1/documents/CERT-2026-0001","status":200,"ip":"::1","duration":73440000}
{"time":"2026-06-07T15:05:44.423493+02:00","level":"INFO","msg":"HTTP Request","method":"PUT","path":"/api/v1/documents/CERT-2026-0001","status":200,"ip":"::1","duration":14465500}
{"time":"2026-06-07T15:06:25.4850671+02:00","level":"INFO","msg":"HTTP Request","method":"GET","path":"/api/v1/documents/CERT-2026-0001","status":200,"ip":"::1","duration":240288900}
{"time":"2026-06-07T15:06:35.4247573+02:00","level":"INFO","msg":"HTTP Request","method":"GET","path":"/api/v1/documents","status":200,"ip":"::1","duration":6373600}
{"time":"2026-06-07T15:14:07.7191842+02:00","level":"INFO","msg":"HTTP Request","method":"GET","path":"/api/v1/documents","status":200,"ip":"::1","duration":437569600}
{"time":"2026-06-07T16:07:03.091285+02:00","level":"INFO","msg":"HTTP Request","method":"GET","path":"/api/v1/documents","status":200,"ip":"::1","duration":105866900}
{"time":"2026-06-07T16:07:12.9351869+02:00","level":"INFO","msg":"HTTP Request","method":"POST","path":"/api/v1/documents","status":201,"ip":"::1","duration":80187600}
{"time":"2026-06-07T16:07:30.3244706+02:00","level":"INFO","msg":"HTTP Request","method":"GET","path":"/api/v1/documents/CERT-2026-0001","status":200,"ip":"::1","duration":207380300}
{"time":"2026-06-07T16:07:42.2089507+02:00","level":"INFO","msg":"HTTP Request","method":"GET","path":"/api/v1/documents/hash/2b335316c4b3fdf05d19c221fd6e98dc53fc359890480a71da50f39b94e0d076","status":200,"ip":"::1","duration":7648300}
{"time":"2026-06-07T16:08:05.8921934+02:00","level":"INFO","msg":"HTTP Request","method":"PUT","path":"/api/v1/documents/CERT-2026-0001","status":200,"ip":"::1","duration":66463300}
{"time":"2026-06-07T16:08:18.3282024+02:00","level":"INFO","msg":"HTTP Request","method":"GET","path":"/api/v1/documents","status":200,"ip":"::1","duration":13834700}
{"time":"2026-06-07T16:53:16.3568437+02:00","level":"INFO","msg":"HTTP Request","method":"GET","path":"/api/v1/documents","status":200,"ip":"::1","duration":96527900}
{"time":"2026-06-07T16:54:07.8839304+02:00","level":"INFO","msg":"HTTP Request","method":"POST","path":"/api/v1/documents","status":201,"ip":"::1","duration":112225300}
{"time":"2026-06-07T16:54:25.3746588+02:00","level":"INFO","msg":"HTTP Request","method":"GET","path":"/api/v1/documents","status":200,"ip":"::1","duration":13849700}
{"time":"2026-06-07T16:55:05.9162972+02:00","level":"INFO","msg":"HTTP Request","method":"GET","path":"/api/v1/documents/CERT-2026-0001","status":200,"ip":"::1","duration":11237700}
{"time":"2026-06-07T16:56:03.4555758+02:00","level":"INFO","msg":"HTTP Request","method":"GET","path":"/api/v1/documents/hash/2b335316c4b3fdf05d19c221fd6e98dc53fc359890480a71da50f39b94e0d076","status":200,"ip":"::1","duration":8498400}
{"time":"2026-06-07T16:56:35.3532022+02:00","level":"INFO","msg":"HTTP Request","method":"GET","path":"/api/v1/documents/hash/2b335316c4b3fdf05d19c221fd6e98dc53fc359890480a71da50f39b94e0d076","status":200,"ip":"::1","duration":2975200}
{"time":"2026-06-07T16:57:21.7223186+02:00","level":"INFO","msg":"HTTP Request","method":"PUT","path":"/api/v1/documents/CERT-2026-0001","status":200,"ip":"::1","duration":399707000}
{"time":"2026-06-07T17:06:33.9777415+02:00","level":"INFO","msg":"HTTP Request","method":"GET","path":"/api/v1/documents","status":200,"ip":"::1","duration":86668000}
{"time":"2026-06-07T17:06:44.336711+02:00","level":"INFO","msg":"HTTP Request","method":"GET","path":"/api/v1/documents","status":200,"ip":"::1","duration":2700500}
{"time":"2026-06-07T17:06:47.1272097+02:00","level":"INFO","msg":"HTTP Request","method":"GET","path":"/api/v1/documents/CERT-2026-0001","status":200,"ip":"::1","duration":46257200}
{"time":"2026-06-07T17:06:50.3154374+02:00","level":"INFO","msg":"HTTP Request","method":"GET","path":"/api/v1/documents/hash/2b335316c4b3fdf05d19c221fd6e98dc53fc359890480a71da50f39b94e0d076","status":200,"ip":"::1","duration":5021600}
{"time":"2026-06-07T17:06:56.8833977+02:00","level":"INFO","msg":"HTTP Request","method":"PUT","path":"/api/v1/documents/CERT-2026-0001","status":200,"ip":"::1","duration":52073000}
{"time":"2026-06-07T17:19:34.5345347+02:00","level":"INFO","msg":"HTTP Request","method":"GET","path":"/api/v1/documents","status":200,"ip":"::1","duration":117291900}
{"time":"2026-06-07T17:19:38.6903375+02:00","level":"INFO","msg":"HTTP Request","method":"GET","path":"/api/v1/documents/CERT-2026-0001","status":200,"ip":"::1","duration":28373300}
{"time":"2026-06-07T17:19:42.8912167+02:00","level":"INFO","msg":"HTTP Request","method":"GET","path":"/api/v1/documents/hash/2b335316c4b3fdf05d19c221fd6e98dc53fc359890480a71da50f39b94e0d076","status":200,"ip":"::1","duration":5531500}
{"time":"2026-06-07T17:20:35.9146285+02:00","level":"INFO","msg":"HTTP Request","method":"DELETE","path":"/api/v1/documents/CERT-2026-0001","status":200,"ip":"::1","duration":173934700}
{"time":"2026-06-07T17:20:50.0214475+02:00","level":"INFO","msg":"HTTP Request","method":"DELETE","path":"/api/v1/documents/CERT-2026-0001","status":200,"ip":"::1","duration":4264100}
{"time":"2026-06-07T17:20:59.3287294+02:00","level":"INFO","msg":"HTTP Request","method":"GET","path":"/api/v1/documents/CERT-2026-0001","status":404,"ip":"::1","duration":10255600}
{"time":"2026-06-07T17:21:04.6105297+02:00","level":"INFO","msg":"HTTP Request","method":"GET","path":"/api/v1/documents","status":200,"ip":"::1","duration":6412000}
{"time":"2026-06-07T17:21:13.8508794+02:00","level":"INFO","msg":"HTTP Request","method":"DELETE","path":"/api/v1/documents/CERT-2026-0001","status":200,"ip":"::1","duration":3498900}
{"time":"2026-06-07T17:33:26.7752937+02:00","level":"INFO","msg":"HTTP Request","method":"GET","path":"/api/v1/documents","status":200,"ip":"::1","duration":68591900}
{"time":"2026-06-07T17:33:34.4044746+02:00","level":"INFO","msg":"HTTP Request","method":"GET","path":"/api/v1/documents","status":200,"ip":"::1","duration":2012000}
{"time":"2026-06-07T17:33:43.7982301+02:00","level":"INFO","msg":"HTTP Request","method":"POST","path":"/api/v1/documents","status":201,"ip":"::1","duration":50421500}
{"time":"2026-06-07T17:33:47.3150488+02:00","level":"INFO","msg":"HTTP Request","method":"GET","path":"/api/v1/documents","status":200,"ip":"::1","duration":2367500}
{"time":"2026-06-07T17:33:52.5240919+02:00","level":"INFO","msg":"HTTP Request","method":"GET","path":"/api/v1/documents/CERT-2026-0001","status":200,"ip":"::1","duration":1860400}
{"time":"2026-06-07T17:33:59.1129787+02:00","level":"INFO","msg":"HTTP Request","method":"GET","path":"/api/v1/documents/hash/2b335316c4b3fdf05d19c221fd6e98dc53fc359890480a71da50f39b94e0d076","status":200,"ip":"::1","duration":1694000}
{"time":"2026-06-07T17:34:33.5277732+02:00","level":"INFO","msg":"HTTP Request","method":"PUT","path":"/api/v1/documents/CERT-2026-0001","status":200,"ip":"::1","duration":14140100}
{"time":"2026-06-07T17:34:43.9978661+02:00","level":"INFO","msg":"HTTP Request","method":"DELETE","path":"/api/v1/documents/CERT-2026-0001","status":200,"ip":"::1","duration":7050800}
{"time":"2026-06-07T17:34:46.218806+02:00","level":"INFO","msg":"HTTP Request","method":"DELETE","path":"/api/v1/documents/CERT-2026-0001","status":404,"ip":"::1","duration":1692000}
{"time":"2026-06-07T17:34:54.108448+02:00","level":"INFO","msg":"HTTP Request","method":"DELETE","path":"/api/v1/documents/CERT-2026-0001","status":404,"ip":"::1","duration":4599300}
{"time":"2026-06-07T17:46:02.1543743+02:00","level":"INFO","msg":"HTTP Request","method":"POST","path":"/api/v1/documents","status":201,"ip":"::1","duration":219231600}
{"time":"2026-06-07T17:46:15.6860457+02:00","level":"INFO","msg":"HTTP Request","method":"GET","path":"/api/v1/documents","status":200,"ip":"::1","duration":8151500}
{"time":"2026-06-07T17:46:27.4606334+02:00","level":"INFO","msg":"HTTP Request","method":"GET","path":"/api/v1/documents/CERT-2026-0001","status":200,"ip":"::1","duration":8378300}
{"time":"2026-06-07T17:46:35.6785555+02:00","level":"INFO","msg":"HTTP Request","method":"GET","path":"/api/v1/documents/hash/2b335316c4b3fdf05d19c221fd6e98dc53fc359890480a71da50f39b94e0d076","status":200,"ip":"::1","duration":5252000}
{"time":"2026-06-07T17:46:41.0034579+02:00","level":"INFO","msg":"HTTP Request","method":"PUT","path":"/api/v1/documents/CERT-2026-0001","status":200,"ip":"::1","duration":40774900}
{"time":"2026-06-07T18:35:12.8003741+02:00","level":"INFO","msg":"HTTP Request","method":"GET","path":"/api/v1/documents","status":200,"ip":"::1","duration":21065600}
{"time":"2026-06-07T18:35:19.2555941+02:00","level":"INFO","msg":"HTTP Request","method":"GET","path":"/api/v1/documents/CERT-2026-0001","status":200,"ip":"::1","duration":8197600}
{"time":"2026-06-07T18:35:24.6018752+02:00","level":"INFO","msg":"HTTP Request","method":"GET","path":"/api/v1/documents/hash/2b335316c4b3fdf05d19c221fd6e98dc53fc359890480a71da50f39b94e0d076","status":200,"ip":"::1","duration":6745800}
{"time":"2026-06-07T18:35:39.4126469+02:00","level":"INFO","msg":"HTTP Request","method":"PUT","path":"/api/v1/documents/CERT-2026-0001","status":200,"ip":"::1","duration":43485600}
