{"time":"2026-08-23T21:37:02.7310891+02:00","level":"INFO","msg":"Initializing application"}
{"time":"2026-08-23T21:37:02.8979399+02:00","level":"INFO","msg":"Database connected"}
{"time":"2026-08-23T21:37:03.4066992+02:00","level":"INFO","msg":"Database migration completed"}
{"time":"2026-08-23T21:37:03.4089745+02:00","level":"INFO","msg":"Admin user already exists"}
{"time":"2026-08-23T21:37:03.4089745+02:00","level":"INFO","msg":"Database seed completed"}
{"time":"2026-08-23T21:37:03.4133984+02:00","level":"INFO","msg":"Starting HTTP server","port":"8080"}
{"time":"2026-08-23T21:37:30.4350783+02:00","level":"INFO","msg":"Initializing application"}
{"time":"2026-08-23T21:37:30.7442903+02:00","level":"INFO","msg":"Database connected"}
{"time":"2026-08-23T21:37:31.0606137+02:00","level":"INFO","msg":"Database migration completed"}
{"time":"2026-08-23T21:37:31.0636175+02:00","level":"INFO","msg":"Admin user already exists"}
{"time":"2026-08-23T21:37:31.0641709+02:00","level":"INFO","msg":"Database seed completed"}
{"time":"2026-08-23T21:37:31.0692062+02:00","level":"INFO","msg":"Starting HTTP server","port":"8080"}
{"time":"2026-08-23T21:48:32.8047608+02:00","level":"INFO","msg":"Initializing application"}
{"time":"2026-08-23T21:48:33.0045081+02:00","level":"INFO","msg":"Database connected"}
{"time":"2026-08-23T21:48:33.2212093+02:00","level":"INFO","msg":"Database migration completed"}
{"time":"2026-08-23T21:48:33.2229905+02:00","level":"INFO","msg":"Admin user already exists"}
{"time":"2026-08-23T21:48:33.2229905+02:00","level":"INFO","msg":"Database seed completed"}
{"time":"2026-08-23T21:48:33.2264084+02:00","level":"INFO","msg":"Starting HTTP server","port":"8080"}
{"time":"2026-08-24T14:24:39.1673491+02:00","level":"INFO","msg":"Initializing application"}
{"time":"2026-08-24T14:24:41.3488076+02:00","level":"INFO","msg":"Database connected"}
{"time":"2026-08-24T14:24:41.8914884+02:00","level":"INFO","msg":"Database migration completed"}
{"time":"2026-08-24T14:24:41.8925198+02:00","level":"INFO","msg":"Admin user already exists"}
{"time":"2026-08-24T14:24:41.8925198+02:00","level":"INFO","msg":"Database seed completed"}
{"time":"2026-08-24T14:24:41.8952582+02:00","level":"INFO","msg":"Starting HTTP server","port":"8080"}
{"time":"2026-08-24T14:45:18.3997498+02:00","level":"INFO","msg":"Initializing application"}
{"time":"2026-08-24T14:45:20.3027306+02:00","level":"INFO","msg":"Database connected"}
{"time":"2026-08-24T14:45:20.6673395+02:00","level":"INFO","msg":"Database migration completed"}
{"time":"2026-08-24T14:45:20.6696525+02:00","level":"INFO","msg":"Admin user already exists"}
{"time":"2026-08-24T14:45:20.6696525+02:00","level":"INFO","msg":"Database seed completed"}
{"time":"2026-08-24T14:45:20.6730446+02:00","level":"INFO","msg":"Starting HTTP server","port":"8080"}
{"time":"2026-08-24T14:57:57.038232+02:00","level":"INFO","msg":"Initializing application"}
{"time":"2026-08-24T14:57:59.1358701+02:00","level":"INFO","msg":"Database connected"}
{"time":"2026-08-24T14:57:59.7779078+02:00","level":"INFO","msg":"Database migration completed"}
{"time":"2026-08-24T14:57:59.7829899+02:00","level":"INFO","msg":"Admin user already exists"}
{"time":"2026-08-24T14:57:59.7835654+02:00","level":"INFO","msg":"Database seed completed"}
{"time":"2026-08-24T14:57:59.7886427+02:00","level":"INFO","msg":"Starting HTTP server","port":"8080"}
{"time":"2026-08-24T15:46:33.5360675+02:00","level":"INFO","msg":"Initializing application"}
{"time":"2026-08-24T15:46:33.9748443+02:00","level":"INFO","msg":"Database connected"}
{"time":"2026-08-24T15:46:34.3782133+02:00","level":"INFO","msg":"Database migration completed"}
{"time":"2026-08-24T15:46:34.5085114+02:00","level":"INFO","msg":"Default administrator created","email":"admin@talacert.local"}
{"time":"2026-08-24T15:46:34.5092594+02:00","level":"INFO","msg":"Database seed completed"}
{"time":"2026-08-24T15:46:34.5142007+02:00","level":"INFO","msg":"Starting HTTP server","port":"8080"}
{"time":"2026-08-24T16:40:13.4582834+02:00","level":"INFO","msg":"Initializing application"}
{"time":"2026-08-24T16:40:13.5995824+02:00","level":"INFO","msg":"Database connected"}
{"time":"2026-08-24T16:40:13.8409948+02:00","level":"INFO","msg":"Database migration completed"}
{"time":"2026-08-24T16:40:13.8432604+02:00","level":"INFO","msg":"Admin user already exists"}
{"time":"2026-08-24T16:40:13.8432604+02:00","level":"INFO","msg":"Database seed completed"}
{"time":"2026-08-24T16:40:13.8476627+02:00","level":"INFO","msg":"Starting HTTP server","port":"8080"}
{"time":"2026-08-24T16:43:17.3312491+02:00","level":"INFO","msg":"Initializing application"}
{"time":"2026-08-24T16:44:02.4972178+02:00","level":"INFO","msg":"Database connected"}
{"time":"2026-08-24T16:44:06.3613058+02:00","level":"INFO","msg":"Database migration completed"}
{"time":"2026-08-24T16:44:06.3911856+02:00","level":"INFO","msg":"Admin user already exists"}
{"time":"2026-08-24T16:44:06.3927329+02:00","level":"INFO","msg":"Database seed completed"}
{"time":"2026-08-24T16:44:06.4322057+02:00","level":"INFO","msg":"Starting HTTP server","port":"8080"}
